Last login: Wed Oct 12 15:23:06 on ttys000
Ethans-MacBook-Air:~ edog51909$ cd /Users/edog51909/Documents/UMich/BSI\ /SI206_Data_Programming 
Ethans-MacBook-Air:SI206_Data_Programming edog51909$ git init
Initialized empty Git repository in /Users/edog51909/Documents/UMich/BSI /SI206_Data_Programming/.git/
Ethans-MacBook-Air:SI206_Data_Programming edog51909$ git status
On branch master

Initial commit

Untracked files:
  (use "git add <file>..." to include in what will be committed)

	206-Syllabus_Fall2016.pdf
	206book-PythonForEveryone.pdf
	Coursera Python Class/
	PythonSelfTest3/
	SI206_Notes.docx
	SI206_assignments/
	practice-Class_Code/

nothing added to commit but untracked files present (use "git add" to track)
Ethans-MacBook-Air:SI206_Data_Programming edog51909$ ls
206-Syllabus_Fall2016.pdf	SI206_Notes.docx
206book-PythonForEveryone.pdf	SI206_assignments
Coursera Python Class		git
PythonSelfTest3			practice-Class_Code
Ethans-MacBook-Air:SI206_Data_Programming edog51909$ cd git/
Ethans-MacBook-Air:git edog51909$ git init
Reinitialized existing Git repository in /Users/edog51909/Documents/UMich/BSI /SI206_Data_Programming/git/.git/
Ethans-MacBook-Air:git edog51909$ $ pbcopy < ~/.ssh/id_rsa.pub
-bash: /Users/edog51909/.ssh/id_rsa.pub: No such file or directory
Ethans-MacBook-Air:git edog51909$ ls -al ~/.ssh
total 24
drwx------   5 edog51909  staff   170 Nov 24  2014 .
drwxr-xr-x+ 51 edog51909  staff  1734 Sep 20 12:21 ..
-rw-------   1 edog51909  staff  1766 Nov 24  2014 github_rsa
-rw-r--r--   1 edog51909  staff   401 Nov 24  2014 github_rsa.pub
-rw-r--r--   1 edog51909  staff  2401 Jan 26  2015 known_hosts
Ethans-MacBook-Air:git edog51909$ git status
On branch master

Initial commit

nothing to commit (create/copy files and use "git add" to track)
Ethans-MacBook-Air:git edog51909$ ls
Ethans-MacBook-Air:git edog51909$ ls
Ethans-MacBook-Air:git edog51909$ ls
Ethans-MacBook-Air:git edog51909$ sl
-bash: sl: command not found
Ethans-MacBook-Air:git edog51909$ git status
On branch master

Initial commit

nothing to commit (create/copy files and use "git add" to track)
Ethans-MacBook-Air:git edog51909$ git push
fatal: No configured push destination.
Either specify the URL from the command-line or configure a remote repository using

    git remote add <name> <url>

and then push using the remote name

    git push <name>

Ethans-MacBook-Air:git edog51909$ git status
On branch master

Initial commit

nothing to commit (create/copy files and use "git add" to track)
Ethans-MacBook-Air:git edog51909$ git pull
fatal: No remote repository specified.  Please, specify either a URL or a
remote name from which new revisions should be fetched.
Ethans-MacBook-Air:git edog51909$ ls -al ~/.ssh
total 24
drwx------   5 edog51909  staff   170 Nov 24  2014 .
drwxr-xr-x+ 51 edog51909  staff  1734 Sep 20 12:21 ..
-rw-------   1 edog51909  staff  1766 Nov 24  2014 github_rsa
-rw-r--r--   1 edog51909  staff   401 Nov 24  2014 github_rsa.pub
-rw-r--r--   1 edog51909  staff  2401 Jan 26  2015 known_hosts
Ethans-MacBook-Air:git edog51909$ pbcopy < ~/.ssh/id_rsa.pub
-bash: /Users/edog51909/.ssh/id_rsa.pub: No such file or directory
Ethans-MacBook-Air:git edog51909$ pbcopy < ~/.ssh/github_rsa.pub
Ethans-MacBook-Air:git edog51909$ git status
On branch master

Initial commit

nothing to commit (create/copy files and use "git add" to track)
Ethans-MacBook-Air:git edog51909$ git clone git@github.com:amleigh/206discussion.git
Cloning into '206discussion'...
Permission denied (publickey).
fatal: Could not read from remote repository.

Please make sure you have the correct access rights
and the repository exists.
Ethans-MacBook-Air:git edog51909$ cd /Users/edog51909/Documents/UMich/BSI\ /SI206_Data_Programming/git 
Ethans-MacBook-Air:git edog51909$ git clone git@github.com:amleigh/206discussion.git
Cloning into '206discussion'...
Permission denied (publickey).
fatal: Could not read from remote repository.

Please make sure you have the correct access rights
and the repository exists.
Ethans-MacBook-Air:git edog51909$ git clone git@github.com:amleigh/206discussion.git
Cloning into '206discussion'...
Warning: Permanently added the RSA host key for IP address '192.30.253.112' to the list of known hosts.
Permission denied (publickey).
fatal: Could not read from remote repository.

Please make sure you have the correct access rights
and the repository exists.
Ethans-MacBook-Air:git edog51909$ clear

Ethans-MacBook-Air:git edog51909$ git clone git@github.com:amleigh/206discussion.git
Cloning into '206discussion'...
Permission denied (publickey).
fatal: Could not read from remote repository.

Please make sure you have the correct access rights
and the repository exists.
Ethans-MacBook-Air:git edog51909$ clear





















Ethans-MacBook-Air:git edog51909$ git clone git@github.com:amleigh/206discussion.git
Cloning into '206discussion'...
Permission denied (publickey).
fatal: Could not read from remote repository.

Please make sure you have the correct access rights
and the repository exists.
Ethans-MacBook-Air:git edog51909$ git clone git@github.com:amleigh/206discussion.git
Cloning into '206discussion'...
Permission denied (publickey).
fatal: Could not read from remote repository.

Please make sure you have the correct access rights
and the repository exists.
Ethans-MacBook-Air:git edog51909$ 














  [Restored Oct 12, 2016, 3:51:22 PM]
Last login: Wed Oct 12 15:27:57 on ttys000
Restored session: Wed Oct 12 15:51:18 EDT 2016
Ethans-MacBook-Air:git edog51909$ clear 

Ethans-MacBook-Air:git edog51909$ pwd
/Users/edog51909/Documents/UMich/BSI /SI206_Data_Programming/git
Ethans-MacBook-Air:git edog51909$ git clone git@github.com:amleigh/206discussion.git
Cloning into '206discussion'...
Permission denied (publickey).
fatal: Could not read from remote repository.

Please make sure you have the correct access rights
and the repository exists.
Ethans-MacBook-Air:git edog51909$ git clone https://github.com/amleigh/206discussion.git
Cloning into '206discussion'...
remote: Counting objects: 27, done.
remote: Compressing objects: 100% (14/14), done.
remote: Total 27 (delta 7), reused 13 (delta 4), pack-reused 0
Unpacking objects: 100% (27/27), done.
Checking connectivity... done.
Ethans-MacBook-Air:git edog51909$ touch ethan.txt
Ethans-MacBook-Air:git edog51909$ rm ethan.txt
Ethans-MacBook-Air:git edog51909$ cd /Users/edog51909/Documents/UMich/BSI\ /SI206_Data_Programming/git/206discussion 
Ethans-MacBook-Air:206discussion edog51909$ touch ethan.txt
Ethans-MacBook-Air:206discussion edog51909$ git add . 
Ethans-MacBook-Air:206discussion edog51909$ git commit -m "adding ethan's changes"
[master b0c759d] adding ethan's changes
 2 files changed, 2 insertions(+), 5 deletions(-)
 create mode 100644 ethan.txt
Ethans-MacBook-Air:206discussion edog51909$ git push origin master
Username for 'https://github.com': ejannott
Password for 'https://ejannott@github.com': 
remote: Invalid username or password.
fatal: Authentication failed for 'https://github.com/amleigh/206discussion.git/'
Ethans-MacBook-Air:206discussion edog51909$ git push origin master
Username for 'https://github.com': ejannott     
Password for 'https://ejannott@github.com': 
Counting objects: 4, done.
Delta compression using up to 4 threads.
Compressing objects: 100% (3/3), done.
Writing objects: 100% (4/4), 395 bytes | 0 bytes/s, done.
Total 4 (delta 1), reused 0 (delta 0)
remote: Resolving deltas: 100% (1/1), completed with 1 local objects.
To https://github.com/amleigh/206discussion.git
   3860fb8..b0c759d  master -> master
Ethans-MacBook-Air:206discussion edog51909$ 
